
> problem-to-hero@1.0.0 test
> jest src/i18n/__tests__/pageInternationalization.test.js

node.exe : FAIL src/i18n/__tests__/pageInternationalization.test.js
所在位置 行:1 字符: 1
+ & "D:\nodeJS/node.exe" "D:\nodeJS/node_modules/npm/bin/npm-cli.js" te ...
+ ~~~~~~~~~~~~~~~~~~~~~~~~~~~~~~~~~~~~~~~~~~~~~~~~~~~~~~~~~~~~~~~~~~~~~
    + CategoryInfo          : NotSpecified: (FAIL src/i18n/_...ization.test.js:String) [], RemoteException
    + FullyQualifiedErrorId : NativeCommandError
 
  Page Internationalization
    useTranslation Hook Import
      鈭?QuestionDetailScreen.js should import useTranslation hook (3 ms)
      鈭?QuestionActivityListScreen.js should import useTranslation hook (1 ms)
      鈭?QuestionRankingScreen.js should import useTranslation hook (1 ms)
      鈭?QuestionBankScreen.js should import useTranslation hook (1 ms)
      鈭?QuestionTeamsScreen.js should import useTranslation hook
      鈭?ActivityScreen.js should import useTranslation hook (1 ms)
      鈭?CreateActivityScreen.js should import useTranslation hook
      鈭?WisdomIndexScreen.js should import useTranslation hook
      鈭?WisdomExamScreen.js should import useTranslation hook (1 ms)
      鈭?ExamDetailScreen.js should import useTranslation hook (1 ms)
      鈭?ExamHistoryScreen.js should import useTranslation hook
      鈭?SettingsScreen.js should import useTranslation hook (1 ms)
      鈭?ProfileScreen.js should import useTranslation hook
      鈭?InviteAnswerScreen.js should import useTranslation hook
      鈭?InviteTeamMemberScreen.js should import useTranslation hook (1 ms)
      鈭?SearchScreen.js should import useTranslation hook
      鈭?ReportScreen.js should import useTranslation hook (1 ms)
      鈭?UploadBankScreen.js should import useTranslation hook (1 ms)
      鈭?TeamDetailScreen.js should import useTranslation hook
      鈭?SupplementDetailScreen.js should import useTranslation hook
      鈭?SuperLikeHistoryScreen.js should import useTranslation hook (1 ms)
      鈭?SuperLikePurchaseScreen.js should import useTranslation hook
      鈭?MessagesScreen.js should import useTranslation hook (1 ms)
      鈭?GroupChatScreen.js should import useTranslation hook (1 ms)
      鈭?HotListScreen.js should import useTranslation hook (1 ms)
      鈭?IncomeRankingScreen.js should import useTranslation hook
      鈭?ContributorsScreen.js should import useTranslation hook (1 ms)
      鈭?AddRewardScreen.js should import useTranslation hook
      鈭?AnswerDetailScreen.js should import useTranslation hook (1 ms)
    useTranslation Hook Usage
      鈭?QuestionDetailScreen.js should use useTranslation hook (1 ms)
      鈭?QuestionActivityListScreen.js should use useTranslation hook
      鈭?QuestionRankingScreen.js should use useTranslation hook
      鈭?QuestionBankScreen.js should use useTranslation hook
      鈭?QuestionTeamsScreen.js should use useTranslation hook
      鈭?ActivityScreen.js should use useTranslation hook (1 ms)
      鈭?CreateActivityScreen.js should use useTranslation hook
      鈭?WisdomIndexScreen.js should use useTranslation hook (1 ms)
      鈭?WisdomExamScreen.js should use useTranslation hook
      鈭?ExamDetailScreen.js should use useTranslation hook
      鈭?ExamHistoryScreen.js should use useTranslation hook
      鈭?SettingsScreen.js should use useTranslation hook (1 ms)
      鈭?ProfileScreen.js should use useTranslation hook
      鈭?InviteAnswerScreen.js should use useTranslation hook
      鈭?InviteTeamMemberScreen.js should use useTranslation hook
      鈭?SearchScreen.js should use useTranslation hook
      鈭?ReportScreen.js should use useTranslation hook
      鈭?UploadBankScreen.js should use useTranslation hook (1 ms)
      鈭?TeamDetailScreen.js should use useTranslation hook
      鈭?SupplementDetailScreen.js should use useTranslation hook
      鈭?SuperLikeHistoryScreen.js should use useTranslation hook
      鈭?SuperLikePurchaseScreen.js should use useTranslation hook
      鈭?MessagesScreen.js should use useTranslation hook
      鈭?GroupChatScreen.js should use useTranslation hook
      鈭?HotListScreen.js should use useTranslation hook (1 ms)
      鈭?IncomeRankingScreen.js should use useTranslation hook
      鈭?ContributorsScreen.js should use useTranslation hook
      鈭?AddRewardScreen.js should use useTranslation hook
      鈭?AnswerDetailScreen.js should use useTranslation hook (1 ms)
    No Hardcoded Chinese Text
      脳 QuestionDetailScreen.js should not contain hardcoded Chinese text (4 ms)
      脳 QuestionActivityListScreen.js should not contain hardcoded Chinese text (1 ms)
      鈭?QuestionRankingScreen.js should not contain hardcoded Chinese text (1 ms)
      鈭?QuestionBankScreen.js should not contain hardcoded Chinese text
      鈭?QuestionTeamsScreen.js should not contain hardcoded Chinese text (1 ms)
      鈭?ActivityScreen.js should not contain hardcoded Chinese text
      鈭?CreateActivityScreen.js should not contain hardcoded Chinese text (1 ms)
      脳 WisdomIndexScreen.js should not contain hardcoded Chinese text
      鈭?WisdomExamScreen.js should not contain hardcoded Chinese text (1 ms)
      鈭?ExamDetailScreen.js should not contain hardcoded Chinese text
      鈭?ExamHistoryScreen.js should not contain hardcoded Chinese text (1 ms)
      鈭?SettingsScreen.js should not contain hardcoded Chinese text
      脳 ProfileScreen.js should not contain hardcoded Chinese text (1 ms)
      鈭?InviteAnswerScreen.js should not contain hardcoded Chinese text
      鈭?InviteTeamMemberScreen.js should not contain hardcoded Chinese text
      鈭?SearchScreen.js should not contain hardcoded Chinese text (1 ms)
      鈭?ReportScreen.js should not contain hardcoded Chinese text
      鈭?UploadBankScreen.js should not contain hardcoded Chinese text (1 ms)
      脳 TeamDetailScreen.js should not contain hardcoded Chinese text (1 ms)
      脳 SupplementDetailScreen.js should not contain hardcoded Chinese text (1 ms)
      鈭?SuperLikeHistoryScreen.js should not contain hardcoded Chinese text
      鈭?SuperLikePurchaseScreen.js should not contain hardcoded Chinese text (1 ms)
      鈭?MessagesScreen.js should not contain hardcoded Chinese text
      鈭?GroupChatScreen.js should not contain hardcoded Chinese text (6 ms)
      脳 HotListScreen.js should not contain hardcoded Chinese text (1 ms)
      脳 IncomeRankingScreen.js should not contain hardcoded Chinese text (1 ms)
      鈭?ContributorsScreen.js should not contain hardcoded Chinese text
      鈭?AddRewardScreen.js should not contain hardcoded Chinese text (1 ms)
      脳 AnswerDetailScreen.js should not contain hardcoded Chinese text
    Translation Function Usage
      鈭?QuestionDetailScreen.js should use t() function for translations (1 ms)
      鈭?QuestionActivityListScreen.js should use t() function for translations
      鈭?QuestionRankingScreen.js should use t() function for translations
      鈭?QuestionBankScreen.js should use t() function for translations (1 ms)
      鈭?QuestionTeamsScreen.js should use t() function for translations
      鈭?ActivityScreen.js should use t() function for translations
      鈭?CreateActivityScreen.js should use t() function for translations
      鈭?WisdomIndexScreen.js should use t() function for translations
      鈭?WisdomExamScreen.js should use t() function for translations (5 ms)
      鈭?ExamDetailScreen.js should use t() function for translations
      鈭?ExamHistoryScreen.js should use t() function for translations
      鈭?SettingsScreen.js should use t() function for translations (1 ms)
      鈭?ProfileScreen.js should use t() function for translations
      鈭?InviteAnswerScreen.js should use t() function for translations
      鈭?InviteTeamMemberScreen.js should use t() function for translations (1 ms)
      鈭?SearchScreen.js should use t() function for translations
      鈭?ReportScreen.js should use t() function for translations
      鈭?UploadBankScreen.js should use t() function for translations
      鈭?TeamDetailScreen.js should use t() function for translations (1 ms)
      鈭?SupplementDetailScreen.js should use t() function for translations
      鈭?SuperLikeHistoryScreen.js should use t() function for translations
      鈭?SuperLikePurchaseScreen.js should use t() function for translations
      鈭?MessagesScreen.js should use t() function for translations
      鈭?GroupChatScreen.js should use t() function for translations
      鈭?HotListScreen.js should use t() function for translations
      鈭?IncomeRankingScreen.js should use t() function for translations
      鈭?ContributorsScreen.js should use t() function for translations (1 ms)
      鈭?AddRewardScreen.js should use t() function for translations
      鈭?AnswerDetailScreen.js should use t() function for translations
    Translation Keys Existence
      鈭?should have translation keys for all internationalized screens
      鈭?should have matching translation keys in both zh.json and en.json
    Internationalization Coverage Summary
      鈭?should have high internationalization coverage (11 ms)

  鈼?Page Internationalization 鈥?No Hardcoded Chinese Text 鈥?QuestionDetailScreen.js should not contain hardcoded C
hinese text

    expect(received).toBe(expected) // Object.is equality

    Expected: 0
    Received: 160

    [0m [90m 288 |[39m         }
     [90m 289 |[39m
    [31m[1m>[22m[39m[90m 290 |[39m         expect(hardcodedChinese[33m.[39mlength)[33m.[39mtoBe([35m0[
39m)[33m;[39m
     [90m     |[39m                                         [31m[1m^[22m[39m
     [90m 291 |[39m       })[33m;[39m
     [90m 292 |[39m     })[33m;[39m
     [90m 293 |[39m   })[33m;[39m[0m

      at Object.toBe (src/i18n/__tests__/pageInternationalization.test.js:290:41)

  鈼?Page Internationalization 鈥?No Hardcoded Chinese Text 鈥?QuestionActivityListScreen.js should not contain hardc
oded Chinese text

    expect(received).toBe(expected) // Object.is equality

    Expected: 0
    Received: 3

    [0m [90m 288 |[39m         }
     [90m 289 |[39m
    [31m[1m>[22m[39m[90m 290 |[39m         expect(hardcodedChinese[33m.[39mlength)[33m.[39mtoBe([35m0[
39m)[33m;[39m
     [90m     |[39m                                         [31m[1m^[22m[39m
     [90m 291 |[39m       })[33m;[39m
     [90m 292 |[39m     })[33m;[39m
     [90m 293 |[39m   })[33m;[39m[0m

      at Object.toBe (src/i18n/__tests__/pageInternationalization.test.js:290:41)

  鈼?Page Internationalization 鈥?No Hardcoded Chinese Text 鈥?WisdomIndexScreen.js should not contain hardcoded Chin
ese text

    expect(received).toBe(expected) // Object.is equality

    Expected: 0
    Received: 2

    [0m [90m 288 |[39m         }
     [90m 289 |[39m
    [31m[1m>[22m[39m[90m 290 |[39m         expect(hardcodedChinese[33m.[39mlength)[33m.[39mtoBe([35m0[
39m)[33m;[39m
     [90m     |[39m                                         [31m[1m^[22m[39m
     [90m 291 |[39m       })[33m;[39m
     [90m 292 |[39m     })[33m;[39m
     [90m 293 |[39m   })[33m;[39m[0m

      at Object.toBe (src/i18n/__tests__/pageInternationalization.test.js:290:41)

  鈼?Page Internationalization 鈥?No Hardcoded Chinese Text 鈥?ProfileScreen.js should not contain hardcoded Chinese 
text

    expect(received).toBe(expected) // Object.is equality

    Expected: 0
    Received: 68

    [0m [90m 288 |[39m         }
     [90m 289 |[39m
    [31m[1m>[22m[39m[90m 290 |[39m         expect(hardcodedChinese[33m.[39mlength)[33m.[39mtoBe([35m0[
39m)[33m;[39m
     [90m     |[39m                                         [31m[1m^[22m[39m
     [90m 291 |[39m       })[33m;[39m
     [90m 292 |[39m     })[33m;[39m
     [90m 293 |[39m   })[33m;[39m[0m

      at Object.toBe (src/i18n/__tests__/pageInternationalization.test.js:290:41)

  鈼?Page Internationalization 鈥?No Hardcoded Chinese Text 鈥?TeamDetailScreen.js should not contain hardcoded Chine
se text

    expect(received).toBe(expected) // Object.is equality

    Expected: 0
    Received: 2

    [0m [90m 288 |[39m         }
     [90m 289 |[39m
    [31m[1m>[22m[39m[90m 290 |[39m         expect(hardcodedChinese[33m.[39mlength)[33m.[39mtoBe([35m0[
39m)[33m;[39m
     [90m     |[39m                                         [31m[1m^[22m[39m
     [90m 291 |[39m       })[33m;[39m
     [90m 292 |[39m     })[33m;[39m
     [90m 293 |[39m   })[33m;[39m[0m

      at Object.toBe (src/i18n/__tests__/pageInternationalization.test.js:290:41)

  鈼?Page Internationalization 鈥?No Hardcoded Chinese Text 鈥?SupplementDetailScreen.js should not contain hardcoded
 Chinese text

    expect(received).toBe(expected) // Object.is equality

    Expected: 0
    Received: 6

    [0m [90m 288 |[39m         }
     [90m 289 |[39m
    [31m[1m>[22m[39m[90m 290 |[39m         expect(hardcodedChinese[33m.[39mlength)[33m.[39mtoBe([35m0[
39m)[33m;[39m
     [90m     |[39m                                         [31m[1m^[22m[39m
     [90m 291 |[39m       })[33m;[39m
     [90m 292 |[39m     })[33m;[39m
     [90m 293 |[39m   })[33m;[39m[0m

      at Object.toBe (src/i18n/__tests__/pageInternationalization.test.js:290:41)

  鈼?Page Internationalization 鈥?No Hardcoded Chinese Text 鈥?HotListScreen.js should not contain hardcoded Chinese 
text

    expect(received).toBe(expected) // Object.is equality

    Expected: 0
    Received: 1

    [0m [90m 288 |[39m         }
     [90m 289 |[39m
    [31m[1m>[22m[39m[90m 290 |[39m         expect(hardcodedChinese[33m.[39mlength)[33m.[39mtoBe([35m0[
39m)[33m;[39m
     [90m     |[39m                                         [31m[1m^[22m[39m
     [90m 291 |[39m       })[33m;[39m
     [90m 292 |[39m     })[33m;[39m
     [90m 293 |[39m   })[33m;[39m[0m

      at Object.toBe (src/i18n/__tests__/pageInternationalization.test.js:290:41)

  鈼?Page Internationalization 鈥?No Hardcoded Chinese Text 鈥?IncomeRankingScreen.js should not contain hardcoded Ch
inese text

    expect(received).toBe(expected) // Object.is equality

    Expected: 0
    Received: 1

    [0m [90m 288 |[39m         }
     [90m 289 |[39m
    [31m[1m>[22m[39m[90m 290 |[39m         expect(hardcodedChinese[33m.[39mlength)[33m.[39mtoBe([35m0[
39m)[33m;[39m
     [90m     |[39m                                         [31m[1m^[22m[39m
     [90m 291 |[39m       })[33m;[39m
     [90m 292 |[39m     })[33m;[39m
     [90m 293 |[39m   })[33m;[39m[0m

      at Object.toBe (src/i18n/__tests__/pageInternationalization.test.js:290:41)

  鈼?Page Internationalization 鈥?No Hardcoded Chinese Text 鈥?AnswerDetailScreen.js should not contain hardcoded Chi
nese text

    expect(received).toBe(expected) // Object.is equality

    Expected: 0
    Received: 4

    [0m [90m 288 |[39m         }
     [90m 289 |[39m
    [31m[1m>[22m[39m[90m 290 |[39m         expect(hardcodedChinese[33m.[39mlength)[33m.[39mtoBe([35m0[
39m)[33m;[39m
     [90m     |[39m                                         [31m[1m^[22m[39m
     [90m 291 |[39m       })[33m;[39m
     [90m 292 |[39m     })[33m;[39m
     [90m 293 |[39m   })[33m;[39m[0m

      at Object.toBe (src/i18n/__tests__/pageInternationalization.test.js:290:41)

Test Suites: 1 failed, 1 total
Tests:       9 failed, 110 passed, 119 total
Snapshots:   0 total
Time:        0.761 s, estimated 1 s
Ran all test suites matching src/i18n/__tests__/pageInternationalization.test.js.
